Release 13.4 - xst O.87xd (lin64)
Copyright (c) 1995-2011 Xilinx, Inc.  All rights reserved.
--> 
Parameter TMPDIR set to xst/projnav.tmp


Total REAL time to Xst completion: 0.00 secs
Total CPU time to Xst completion: 0.11 secs
 
--> 
Parameter xsthdpdir set to xst


Total REAL time to Xst completion: 0.00 secs
Total CPU time to Xst completion: 0.12 secs
 
--> 
Reading design: Processeur.prj

TABLE OF CONTENTS
  1) Synthesis Options Summary
  2) HDL Parsing
  3) HDL Elaboration
  4) HDL Synthesis
       4.1) HDL Synthesis Report
  5) Advanced HDL Synthesis
       5.1) Advanced HDL Synthesis Report
  6) Low Level Synthesis
  7) Partition Report
  8) Design Summary
       8.1) Primitive and Black Box Usage
       8.2) Device utilization summary
       8.3) Partition Resource Summary
       8.4) Timing Report
            8.4.1) Clock Information
            8.4.2) Asynchronous Control Signals Information
            8.4.3) Timing Summary
            8.4.4) Timing Details
            8.4.5) Cross Clock Domains Report


=========================================================================
*                      Synthesis Options Summary                        *
=========================================================================
---- Source Parameters
Input File Name                    : "Processeur.prj"
Ignore Synthesis Constraint File   : NO

---- Target Parameters
Output File Name                   : "Processeur"
Output Format                      : NGC
Target Device                      : xc6slx16-3-csg324

---- Source Options
Top Module Name                    : Processeur
Automatic FSM Extraction           : YES
FSM Encoding Algorithm             : Auto
Safe Implementation                : No
FSM Style                          : LUT
RAM Extraction                     : Yes
RAM Style                          : Auto
ROM Extraction                     : Yes
Shift Register Extraction          : YES
ROM Style                          : Auto
Resource Sharing                   : YES
Asynchronous To Synchronous        : NO
Shift Register Minimum Size        : 2
Use DSP Block                      : Auto
Automatic Register Balancing       : No

---- Target Options
LUT Combining                      : Auto
Reduce Control Sets                : Auto
Add IO Buffers                     : YES
Global Maximum Fanout              : 100000
Add Generic Clock Buffer(BUFG)     : 16
Register Duplication               : YES
Optimize Instantiated Primitives   : NO
Use Clock Enable                   : Auto
Use Synchronous Set                : Auto
Use Synchronous Reset              : Auto
Pack IO Registers into IOBs        : Auto
Equivalent register Removal        : YES

---- General Options
Optimization Goal                  : Speed
Optimization Effort                : 1
Power Reduction                    : NO
Keep Hierarchy                     : No
Netlist Hierarchy                  : As_Optimized
RTL Output                         : Yes
Global Optimization                : AllClockNets
Read Cores                         : YES
Write Timing Constraints           : NO
Cross Clock Analysis               : NO
Hierarchy Separator                : /
Bus Delimiter                      : <>
Case Specifier                     : Maintain
Slice Utilization Ratio            : 100
BRAM Utilization Ratio             : 100
DSP48 Utilization Ratio            : 100
Auto BRAM Packing                  : NO
Slice Utilization Ratio Delta      : 5

=========================================================================

INFO:Xst - Part-select index evaluated to out of bound value may lead to incorrect synthesis results; it is recommended not to use them in RTL

=========================================================================
*                          HDL Parsing                                  *
=========================================================================
Parsing VHDL file "/home/bouzerea/Documents/4A/Autom/processeur/Processeur/common.vhd" into library work
Parsing package <common>.
Parsing package body <common>.
Parsing VHDL file "/home/bouzerea/Documents/4A/Autom/processeur/Processeur/UAL.vhd" into library work
Parsing entity <UAL>.
Parsing architecture <Behavioral> of entity <ual>.
Parsing VHDL file "/home/bouzerea/Documents/4A/Autom/processeur/Processeur/Pipeline.vhd" into library work
Parsing entity <Pipeline>.
Parsing architecture <Behavioral> of entity <pipeline>.
Parsing VHDL file "/home/bouzerea/Documents/4A/Autom/processeur/Processeur/MI.vhd" into library work
Parsing entity <MI>.
Parsing architecture <Behavioral> of entity <mi>.
Parsing VHDL file "/home/bouzerea/Documents/4A/Autom/processeur/Processeur/MEM.vhd" into library work
Parsing entity <MEM>.
Parsing architecture <Behavioral> of entity <mem>.
Parsing VHDL file "/home/bouzerea/Documents/4A/Autom/processeur/Processeur/InstruMUX.vhd" into library work
Parsing entity <InstruMUX>.
Parsing architecture <Behavioral> of entity <instrumux>.
Parsing VHDL file "/home/bouzerea/Documents/4A/Autom/processeur/Processeur/CompteurSynchrone.vhd" into library work
Parsing entity <CompteurSynchrone>.
Parsing architecture <Behavioral> of entity <compteursynchrone>.
Parsing VHDL file "/home/bouzerea/Documents/4A/Autom/processeur/Processeur/BR.vhd" into library work
Parsing entity <BR>.
Parsing architecture <Behavioral> of entity <br>.
Parsing VHDL file "/home/bouzerea/Documents/4A/Autom/processeur/Processeur/Processeur.vhd" into library work
Parsing entity <Processeur>.
Parsing architecture <Behavioral> of entity <processeur>.

=========================================================================
*                            HDL Elaboration                            *
=========================================================================

Elaborating entity <Processeur> (architecture <Behavioral>) from library <work>.
WARNING:HDLCompiler:871 - "/home/bouzerea/Documents/4A/Autom/processeur/Processeur/Processeur.vhd" Line 211: Using initial value "0000000000000000" for compteur_in_d since it is never assigned

Elaborating entity <MI> (architecture <Behavioral>) with generics from library <work>.

Elaborating entity <CompteurSynchrone> (architecture <Behavioral>) with generics from library <work>.

Elaborating entity <InstruMUX> (architecture <Behavioral>) with generics from library <work>.

Elaborating entity <BR> (architecture <Behavioral>) with generics from library <work>.

Elaborating entity <UAL> (architecture <Behavioral>) with generics from library <work>.

Elaborating entity <MEM> (architecture <Behavioral>) with generics from library <work>.

Elaborating entity <Pipeline> (architecture <Behavioral>) with generics from library <work>.
WARNING:HDLCompiler:634 - "/home/bouzerea/Documents/4A/Autom/processeur/Processeur/Processeur.vhd" Line 188: Net <PL_LI_DI_in_OP[3]> does not have a driver.
ERROR:HDLCompiler:1401 - "/home/bouzerea/Documents/4A/Autom/processeur/Processeur/Processeur.vhd" Line 256: Signal PL_DI_EX_in_OP[3] in unit Processeur is connected to following multiple drivers:
ERROR:HDLCompiler:1379 - "/home/bouzerea/Documents/4A/Autom/processeur/Processeur/Processeur.vhd" Line 335: Driver 0: output signal PL_DI_EX_in_OP[3] of instance Flip-flop
ERROR:HDLCompiler:1379 - "/home/bouzerea/Documents/4A/Autom/processeur/Processeur/Processeur.vhd" Line 256: Driver 1: PL_LI_DI_out_OP[3]_buf_3/o[3] driven by output signal OPout[3] of instance Flip-flop
ERROR:HDLCompiler:1401 - "/home/bouzerea/Documents/4A/Autom/processeur/Processeur/Processeur.vhd" Line 257: Signal PL_DI_EX_in_A[15] in unit Processeur is connected to following multiple drivers:
ERROR:HDLCompiler:1379 - "/home/bouzerea/Documents/4A/Autom/processeur/Processeur/Processeur.vhd" Line 257: Driver 1: PL_LI_DI_out_A[15]_buf_4/o[15] driven by output signal Aout[15] of instance Flip-flop
ERROR:HDLCompiler:1401 - "/home/bouzerea/Documents/4A/Autom/processeur/Processeur/Processeur.vhd" Line 271: Signal PL_DI_EX_in_B[15] in unit Processeur is connected to following multiple drivers:
ERROR:HDLCompiler:1379 - "/home/bouzerea/Documents/4A/Autom/processeur/Processeur/Processeur.vhd" Line 271: Driver 1: output signal PL_DI_EX_in_B[15] of instance Multiplexer
ERROR:HDLCompiler:1401 - "/home/bouzerea/Documents/4A/Autom/processeur/Processeur/Processeur.vhd" Line 258: Signal PL_DI_EX_in_C[15] in unit Processeur is connected to following multiple drivers:
ERROR:HDLCompiler:1379 - "/home/bouzerea/Documents/4A/Autom/processeur/Processeur/Processeur.vhd" Line 258: Driver 1: output signal PL_DI_EX_in_C[15] of instance Multiplexer
ERROR:HDLCompiler:1401 - "/home/bouzerea/Documents/4A/Autom/processeur/Processeur/Processeur.vhd" Line 335: Signal Compteur_in_LOAD in unit Processeur is connected to following multiple drivers:
ERROR:HDLCompiler:1379 - "/home/bouzerea/Documents/4A/Autom/processeur/Processeur/Processeur.vhd" Line 244: Driver 0: output signal of instance Ground
--> 


Total memory usage is 319716 kilobytes

Number of errors   :   11 (   0 filtered)
Number of warnings :    2 (   0 filtered)
Number of infos    :    1 (   0 filtered)

